// Jest Snapshot v1, https://goo.gl/fbAQLP

exports[`Button matches the snapshot 1`] = `
<View
  accessibilityState={
    {
      "busy": undefined,
      "checked": undefined,
      "disabled": undefined,
      "expanded": undefined,
      "selected": undefined,
    }
  }
  accessibilityValue={
    {
      "max": undefined,
      "min": undefined,
      "now": undefined,
      "text": undefined,
    }
  }
  accessible={true}
  collapsable={false}
  focusable={true}
  onBlur={[Function]}
  onClick={[Function]}
  onFocus={[Function]}
  onResponderGrant={[Function]}
  onResponderMove={[Function]}
  onResponderRelease={[Function]}
  onResponderTerminate={[Function]}
  onResponderTerminationRequest={[Function]}
  onStartShouldSetResponder={[Function]}
  style={
    [
      {
        "alignItems": "center",
        "backgroundColor": "blue",
        "borderRadius": 12,
        "height": 40,
        "justifyContent": "center",
        "paddingHorizontal": 16,
        "paddingVertical": 8,
      },
      undefined,
    ]
  }
  testID="button-test-id"
>
  <Text
    style={
      {
        "color": "white",
      }
    }
  >
    Hello world
  </Text>
</View>
`;
