// Jest Snapshot v1, https://goo.gl/fbAQLP

exports[`Chip matches the snapshot 1`] = `
<View
  accessibilityState={
    {
      "busy": undefined,
      "checked": undefined,
      "disabled": undefined,
      "expanded": undefined,
      "selected": undefined,
    }
  }
  accessibilityValue={
    {
      "max": undefined,
      "min": undefined,
      "now": undefined,
      "text": undefined,
    }
  }
  accessible={true}
  collapsable={false}
  focusable={true}
  onBlur={[Function]}
  onClick={[Function]}
  onFocus={[Function]}
  onResponderGrant={[Function]}
  onResponderMove={[Function]}
  onResponderRelease={[Function]}
  onResponderTerminate={[Function]}
  onResponderTerminationRequest={[Function]}
  onStartShouldSetResponder={[Function]}
  testID="chip-test-id"
>
  <View
    style={
      [
        {
          "alignItems": "center",
          "borderColor": "blue",
          "borderRadius": 16,
          "borderWidth": 1,
          "flex": 1,
          "justifyContent": "center",
          "paddingHorizontal": 12,
          "paddingVertical": 0,
        },
        false,
      ]
    }
  >
    <Text
      style={
        [
          {
            "color": "blue",
            "fontSize": 12,
          },
          false,
        ]
      }
    >
      Hello world
    </Text>
  </View>
</View>
`;
